360 Heritage Finder

  · Bermiok Monastery — commons:0 usable:0 streetview:UNAVAILABLE
  · Chawayng Ani Monastery — commons:0 usable:0 streetview:UNAVAILABLE
  · Dalling Monastery — commons:0 usable:0 streetview:UNAVAILABLE
  · Dubdi Monastery — commons:0 usable:0 streetview:UNAVAILABLE
  · Enchey Monastery — commons:0 usable:0 streetview:UNAVAILABLE
  · Gnathang Monastery — commons:0 usable:0 streetview:UNAVAILABLE
  · Hee Gyathang Monastery — commons:0 usable:0 streetview:UNAVAILABLE
  · Karthok Monastery — commons:0 usable:0 streetview:UNAVAILABLE
  · Kewwzing Monastery — commons:0 usable:0 streetview:UNAVAILABLE
  · Labrang Monastery — commons:0 usable:0 streetview:UNAVAILABLE
  · Lachen Monastery — commons:0 usable:0 streetview:UNAVAILABLE
  · Lachung Monastery — commons:0 usable:0 streetview:UNAVAILABLE
  · Lingdum Monastery — commons:0 usable:0 streetview:UNAVAILABLE
  · Lingthem Monastery — commons:0 usable:0 streetview:UNAVAILABLE
  · Melli Atsing Monastery — commons:0 usable:0 streetview:UNAVAILABLE
  · Namchi Monastery — commons:0 usable:0 streetview:UNAVAILABLE
  · Pemayangtse Monastery — commons:0 usable:0 streetview:UNAVAILABLE
  · Phensang Monastery — commons:0 usable:0 streetview:UNAVAILABLE
  · Phodong Monastery — commons:0 usable:0 streetview:UNAVAILABLE
  · Ralang Monastery — commons:0 usable:0 streetview:UNAVAILABLE
  · Rhenock Monastery — commons:0 usable:0 streetview:UNAVAILABLE
  · Rinchenpong Monastery — commons:0 usable:0 streetview:UNAVAILABLE
  · Rumtek Monastery — commons:0 usable:0 streetview:UNAVAILABLE
  · Sa-Ngor-Chotshog Centre — commons:0 usable:0 streetview:UNAVAILABLE
  · Sang Monastery — commons:0 usable:0 streetview:UNAVAILABLE
  · Sanga Choeling Monastery — commons:0 usable:0 streetview:UNAVAILABLE
  · Shurishing Yungdrung Dungdrakling Monastery — commons:0 usable:0 streetview:UNAVAILABLE
  · Simik Monastery — commons:0 usable:0 streetview:UNAVAILABLE
  · Sinon Monastery — commons:0 usable:0 streetview:UNAVAILABLE
  · Taktse Ogyen Choekhorling Monastery — commons:0 usable:0 streetview:UNAVAILABLE
  · Tashiding Monastery — commons:0 usable:0 streetview:UNAVAILABLE
  · Tendong Gumpa — commons:0 usable:0 streetview:UNAVAILABLE
  · Tholung Monastery — commons:0 usable:0 streetview:UNAVAILABLE
  · Tsuklakhang Palace — commons:0 usable:0 streetview:UNAVAILABLE
  · Yangyang Monastery — commons:0 usable:0 streetview:UNAVAILABLE

{
  "sitesChecked": 35,
  "sitesWithCandidates": 0,
  "sitesWithNone": 35,
  "streetViewChecked": 0,
  "published": 0
}

No licensed 360° panorama depicting any catalogued Sikkim monastery was found. Every site therefore reports no 360° experience. This is a real negative result, not an unfinished search.
